[package]
name = "first-package"
version = "1.2.0"
